
Project Gutenberg EBook of Hamlet, by William Shakespeare

This eBook is for the use of anyone anywhere in the United States and
most other parts of the world at no cost and with almost no
restrictions whatsoever.  You may copy it, give it away or