
Project Gutenberg EBook of Hamlet, by William Shakespeare

This eBook is for the use of anyone anywhere in the United States and
most other parts of the world at no cost and with almost no
restrictions whatsoever.  You may copy it, give it away or re-use it
under the terms of the Project Gutenberg License included with this
eBook or online at www.gutenberg.org.  If you are not located in the
United States, you’ll have to check the laws of the country where you
are located before using this ebook.



Title: Hamlet

Author: William Shakespeare

Release Date: November 1998 [EBook #1524]
Last Updated: September 30, 2019

Language: English

Character set encoding: UTF-8

*** START OF THIS PROJECT GUTENBERG EBOOK HAMLET ***



This etext was prepared by Dianne Bean.


THE TRAGEDY OF HAMLET, PRINCE OF DENMARK




by William Shakespeare






Contents

ACT I
Scene I. Elsinore. A platform before the Castle.
Scene II. Elsinore. A room of state in the Castle
Scene III. A room in Polonius’s house.
Scene IV. The platform.
Scene V. A more remote part of the Castle.

ACT II
Scene I. A room in Polonius’s house.
Scene II. A room in the Castle.

ACT III
Scene I. A room in the Castle.
Scene II. A hall in the Castle.
Scene III. A room in the Castle.
Scene IV. Another room in the Castle.

ACT IV
Scene I. A room in the Castle.
Scene II. Another room in the Castle.
Scene III. Another room in the Castle.
Scene IV. A plain in Denmark.
Scene V. Elsinore. A room in the Castle.
Scene VI. Another room in the Castle.
Scene VII. Another room in the Castle.

ACT V
Scene I. A churchyard.
Scene II. A hall in the Castle.


Dramatis Personæ

HAMLET, Prince of Denmark.
CLAUDIUS, King of Denmark, Hamlet’s uncle.
The GHOST of the late king, Hamlet’s father.
GERTRUDE, the Queen, Hamlet’s mother, now wife of Claudius.
POLONIUS, Lord Chamberlain.
LAERTES, Son to Polonius.
OPHELIA, Daughter to Polonius.
HORATIO, Friend to Hamlet.
FORTINBRAS, Prince of No